2021-02-02 17:54:18.834851: I tensorflow/stream_executor/platform/default/dso_loader.cc:44] Successfully opened dynamic library libcudart.so.10.2
2021-02-02 17:54:19.884524: I tensorflow/stream_executor/platform/default/dso_loader.cc:44] Successfully opened dynamic library libcuda.so.1
2021-02-02 17:54:19.928626: I tensorflow/core/common_runtime/gpu/gpu_device.cc:1561] Found device 0 with properties: 
pciBusID: 0000:1e:00.0 name: TITAN RTX computeCapability: 7.5
coreClock: 1.77GHz coreCount: 72 deviceMemorySize: 23.65GiB deviceMemoryBandwidth: 625.94GiB/s
2021-02-02 17:54:19.928690: I tensorflow/stream_executor/platform/default/dso_loader.cc:44] Successfully opened dynamic library libcudart.so.10.2
2021-02-02 17:54:19.930608: I tensorflow/stream_executor/platform/default/dso_loader.cc:44] Successfully opened dynamic library libcublas.so.10
2021-02-02 17:54:19.932774: I tensorflow/stream_executor/platform/default/dso_loader.cc:44] Successfully opened dynamic library libcufft.so.10
2021-02-02 17:54:19.933095: I tensorflow/stream_executor/platform/default/dso_loader.cc:44] Successfully opened dynamic library libcurand.so.10
2021-02-02 17:54:19.935203: I tensorflow/stream_executor/platform/default/dso_loader.cc:44] Successfully opened dynamic library libcusolver.so.10
2021-02-02 17:54:19.936229: I tensorflow/stream_executor/platform/default/dso_loader.cc:44] Successfully opened dynamic library libcusparse.so.10
2021-02-02 17:54:19.940375: I tensorflow/stream_executor/platform/default/dso_loader.cc:44] Successfully opened dynamic library libcudnn.so.7
2021-02-02 17:54:19.943048: I tensorflow/core/common_runtime/gpu/gpu_device.cc:1703] Adding visible gpu devices: 0
2021-02-02 17:54:19.943390: I tensorflow/core/platform/cpu_feature_guard.cc:143] Your CPU supports instructions that this TensorFlow binary was not compiled to use: AVX512F
2021-02-02 17:54:19.949327: I tensorflow/core/platform/profile_utils/cpu_utils.cc:102] CPU Frequency: 3200000000 Hz
2021-02-02 17:54:19.949438: I tensorflow/compiler/xla/service/service.cc:168] XLA service 0x55929b8004a0 initialized for platform Host (this does not guarantee that XLA will be used). Devices:
2021-02-02 17:54:19.949447: I tensorflow/compiler/xla/service/service.cc:176]   StreamExecutor device (0): Host, Default Version
2021-02-02 17:54:19.951148: I tensorflow/core/common_runtime/gpu/gpu_device.cc:1561] Found device 0 with properties: 
pciBusID: 0000:1e:00.0 name: TITAN RTX computeCapability: 7.5
coreClock: 1.77GHz coreCount: 72 deviceMemorySize: 23.65GiB deviceMemoryBandwidth: 625.94GiB/s
2021-02-02 17:54:19.951201: I tensorflow/stream_executor/platform/default/dso_loader.cc:44] Successfully opened dynamic library libcudart.so.10.2
2021-02-02 17:54:19.951219: I tensorflow/stream_executor/platform/default/dso_loader.cc:44] Successfully opened dynamic library libcublas.so.10
2021-02-02 17:54:19.951230: I tensorflow/stream_executor/platform/default/dso_loader.cc:44] Successfully opened dynamic library libcufft.so.10
2021-02-02 17:54:19.951241: I tensorflow/stream_executor/platform/default/dso_loader.cc:44] Successfully opened dynamic library libcurand.so.10
2021-02-02 17:54:19.951252: I tensorflow/stream_executor/platform/default/dso_loader.cc:44] Successfully opened dynamic library libcusolver.so.10
2021-02-02 17:54:19.951263: I tensorflow/stream_executor/platform/default/dso_loader.cc:44] Successfully opened dynamic library libcusparse.so.10
2021-02-02 17:54:19.951274: I tensorflow/stream_executor/platform/default/dso_loader.cc:44] Successfully opened dynamic library libcudnn.so.7
2021-02-02 17:54:19.953759: I tensorflow/core/common_runtime/gpu/gpu_device.cc:1703] Adding visible gpu devices: 0
2021-02-02 17:54:19.953794: I tensorflow/stream_executor/platform/default/dso_loader.cc:44] Successfully opened dynamic library libcudart.so.10.2
2021-02-02 17:54:20.573845: I tensorflow/core/common_runtime/gpu/gpu_device.cc:1102] Device interconnect StreamExecutor with strength 1 edge matrix:
2021-02-02 17:54:20.573889: I tensorflow/core/common_runtime/gpu/gpu_device.cc:1108]      0 
2021-02-02 17:54:20.573898: I tensorflow/core/common_runtime/gpu/gpu_device.cc:1121] 0:   N 
2021-02-02 17:54:20.577826: I tensorflow/core/common_runtime/gpu/gpu_device.cc:1247] Created TensorFlow device (/job:localhost/replica:0/task:0/device:GPU:0 with 22501 MB memory) -> physical GPU (device: 0, name: TITAN RTX, pci bus id: 0000:1e:00.0, compute capability: 7.5)
2021-02-02 17:54:20.579609: I tensorflow/compiler/xla/service/service.cc:168] XLA service 0x5592ad9b8680 initialized for platform CUDA (this does not guarantee that XLA will be used). Devices:
2021-02-02 17:54:20.579627: I tensorflow/compiler/xla/service/service.cc:176]   StreamExecutor device (0): TITAN RTX, Compute Capability 7.5
2021-02-02 17:54:22.609970: I tensorflow/stream_executor/platform/default/dso_loader.cc:44] Successfully opened dynamic library libcublas.so.10
2021-02-02 17:54:22.893614: I tensorflow/stream_executor/platform/default/dso_loader.cc:44] Successfully opened dynamic library libcudnn.so.7
